Unity Editor version:    6000.6.0f1 (f7f8ed4d1e24)
Branch:                  6000.6/respin/6000.6.0f1-fa21a270ab12
Build type:              Release
Batch mode:              NO
macOS version:           Version 26.6.1 (Build 25G76)
Darwin version:          25.6.0
Architecture:            arm64
Running under Rosetta:   NO
Available memory:        8192 MB
Date:                    2026-09-10T23:10:23Z
VBCSCompilerPreWarmer: pre-warm launched (dotnet PID 90278)
VBCSCompiler prewarm took 23.49 ms
[Licensing::Module] Trying to connect to existing licensing client channel...
[Licensing::IpcConnector] Successfully connected to: "LicenseClient-ybopeya12" at "2026-09-10T23:10:23.16083Z"
[Licensing::Client] Handshaking with LicensingClient:
  Version:                 1.18.3+d7ffd15
  Session Id:              591056a54fa14926a3ec7ee7a801c136
  Correlation Id:          d5c207b4fbfa292abbe8dfe707ada479
  External correlation Id: 6418840759208903389
  Machine Id:              j+6DDFTKzFlszkVn/GSj5nasogk=
[Licensing::Module] Successfully connected to LicensingClient on channel: "LicenseClient-ybopeya12" (connect: 0.00s, validation: 0.00s, handshake: 0.57s)
[Licensing::IpcConnector] Successfully connected to: "LicenseClient-ybopeya12-notifications" at "2026-09-10T23:10:23.738744Z"
[Licensing::Client] Successfully updated the access token
[Licensing::Module] Successfully updated the access token C67Phfn6L-...
[Licensing::Client] Successfully resolved entitlement details
[Licensing::Module] License group:
  Id: 2476043842679-UnityPersXXXX
  Product: Unity Personal
  Type: Assigned
  Expiration: Unlimited
[Licensing::Client] Successfully updated license, isAsync: True, time: 0.00
[Licensing::Client] Successfully resolved entitlement details
[Licensing::Module] Licensing Background thread has ended after 0.59s

COMMAND LINE ARGUMENTS:
/Applications/Unity/Hub/Editor/6000.6.0f1/Unity.app/Contents/MacOS/Unity
-projectpath
/Users/ybopeya12/CS_417/MP0_The_Menu
-acceptSoftwareTermsForThisRunOnly
-useHub
-hubIPC
-cloudEnvironment
production
-licensingIpc
LicenseClient-ybopeya12
-hubSessionId
302142d9-d70a-4b64-82e0-233c73219650
-accessToken
C67Phfn6L-Sfssh3yPQiARXQx2t1zkHTDYt5uX2wfNU002f
Successfully changed project path to: /Users/ybopeya12/CS_417/MP0_The_Menu
/Users/ybopeya12/CS_417/MP0_The_Menu
[UnityMemory] Configuration Parameters - Can be set up in boot.config
    "memorysetup-temp-allocator-size-gi-baking-worker=262144"
    "memorysetup-temp-allocator-size-gi-baking-worker=262144"
    "memorysetup-temp-allocator-size-gi-baking-worker=262144"
    "memorysetup-temp-allocator-size-gi-baking-worker=262144"
    "memorysetup-temp-allocator-size-gi-baking-worker=262144"
    "memorysetup-temp-allocator-size-nav-mesh-worker=65536"
    "memorysetup-temp-allocator-size-audio-worker=65536"
    "memorysetup-temp-allocator-size-cloud-worker=32768"
    "memorysetup-temp-allocator-size-preload-manager=33554432"
    "memorysetup-remapper-allocator-initial-capacity=32768"
    "memorysetup-temp-allocator-size-gfx=262144"
    "memorysetup-allocator-temp-initial-block-size-main=262144"
    "memorysetup-allocator-temp-initial-block-size-worker=262144"
    "memorysetup-temp-allocator-size-background-worker=32768"
    "memorysetup-temp-allocator-size-job-worker=262144"
    "memorysetup-bucket-allocator-granularity=16"
    "memorysetup-bucket-allocator-bucket-count=8"
    "memorysetup-bucket-allocator-block-size=33554432"
    "memorysetup-bucket-allocator-block-count=8"
    "memorysetup-main-allocator-block-size=16777216"
    "memorysetup-thread-allocator-block-size=16777216"
    "memorysetup-main-allocator-mimalloc-enabled=1"
    "memorysetup-gfx-main-allocator-block-size=16777216"
    "memorysetup-gfx-thread-allocator-block-size=16777216"
    "memorysetup-cache-allocator-block-size=4194304"
    "memorysetup-typetree-allocator-block-size=2097152"
    "memorysetup-profiler-bucket-allocator-granularity=16"
    "memorysetup-profiler-bucket-allocator-bucket-count=8"
    "memorysetup-profiler-bucket-allocator-block-size=33554432"
    "memorysetup-profiler-bucket-allocator-block-count=8"
    "memorysetup-profiler-allocator-block-size=16777216"
    "memorysetup-profiler-editor-allocator-block-size=1048576"
    "memorysetup-temp-allocator-size-main=16777216"
    "memorysetup-job-temp-allocator-block-size=2097152"
    "memorysetup-job-temp-allocator-block-size-background=1048576"
    "memorysetup-job-temp-allocator-reduction-small-platforms=262144"
Player connection [8331518336]  Target information:

Player connection [8331518336]  * "[IP] 192.168.0.247 [Port] 55504 [Flags] 2 [Guid] 197135172 [EditorId] 197135172 [Version] 1048832 [Id] OSXEditor(0,Yohalis-MacBook-Air-6.local) [Debug] 1 [PackageName] OSXEditor [ProjectName] Editor" 

Player connection [8331518336] Host joined multi-casting on [225.0.0.222:54997]...
Player connection [8331518336] Host joined alternative multi-casting on [225.0.0.222:34997]...
Input System module state changed to: Initialized.
[Physics::Module] Initialized fallback backend.
[Physics::Module] Id: 0xdecafbad
[Package Manager] Connected to IPC stream "Upm-90269" after 0.3 seconds.
[Licensing::Client] Successfully resolved entitlement details
Library Redirect Path: Library/
Initialising UDS system complete:
  - System type: Client
  - Resource namespace: b97463a947c6ea27120769b706685735
  - Shared memory size: 1073741824
  - Command buffer id: 1052672
  - Command buffer size: 8192
  - Hashmap size: 4194304
  - Service connected: false
Launching Unity Data Store - /Applications/Unity/Hub/Editor/6000.6.0f1/Unity.app/Contents/Helpers/Unity.DataStore 
Unity Data Store artifact dir = Library/DataStore, working dir = /Users/ybopeya12/CS_417/MP0_The_Menu[Physics::Module] Selected backend.
[Physics::Module] Name: PhysX
[Physics::Module] Id: 0xf2b8ea05
[Physics::Module] SDK Version: 4.1.2
[Physics::Module] Integration Version: 1.0.0
[Physics::Module] Threading Mode: Multi-Threaded
Active build profile path: `Assets/Settings/Build Profiles/Web - Desktop - Release.asset`
Unity Data Store running and initialised
Got setting from build profile YAML, name `Color Space`, value `1`
Got setting from build profile YAML, name `m_BuildTarget`, value `20`
Got setting from build profile YAML, name `m_Subtarget`, value `0`
Initialize engine version: 6000.6.0f1 (f7f8ed4d1e24)
[EntityIdStore] init: VM path (explicit commit), pageSize=16384, blockCount=262144, entitiesPerBlock=1024, slots reserved=4294967296 bytes
[Subsystems] Discovering subsystems at path /Applications/Unity/Hub/Editor/6000.6.0f1/Unity.app/Contents/Resources/UnitySubsystems
[Subsystems] Discovering subsystems at path /Users/ybopeya12/CS_417/MP0_The_Menu/Assets
GfxDevice: creating device client; kGfxThreadingModeThreaded
 preferred device: Apple M3 (high power)
Metal devices available: 1
0: Apple M3 (high power)
Using device Apple M3 (high power)
Initializing Metal device caps: Apple M3
Got setting from build profile YAML, name `Color Space`, value `1`
Got setting from build profile YAML, name `Color Space`, value `1`
Mac GPU Family: 2
Apple GPU Family: 9
MSL Version: 3.0
Has Float MSAA: 1
Has Float Filtering: 1
ReadWrite Texture Tier: 2
Got setting from build profile YAML, name `Color Space`, value `1`
Got setting from build profile YAML, name `Color Space`, value `1`
Got setting from build profile YAML, name `Color Space`, value `1`
Got setting from build profile YAML, name `Color Space`, value `1`
Got setting from build profile YAML, name `Color Space`, value `1`
Got setting from build profile YAML, name `Color Space`, value `1`
Got setting from build profile YAML, name `Color Space`, value `1`
Got setting from build profile YAML, name `Color Space`, value `1`
Got setting from build profile YAML, name `Color Space`, value `1`
Got setting from build profile YAML, name `Color Space`, value `1`
Got setting from build profile YAML, name `Color Space`, value `1`
Got setting from build profile YAML, name `Color Space`, value `1`
Got setting from build profile YAML, name `Color Space`, value `1`
Got setting from build profile YAML, name `Color Space`, value `1`
Got setting from build profile YAML, name `Color Space`, value `1`
Got setting from build profile YAML, name `Color Space`, value `1`
Got setting from build profile YAML, name `Color Space`, value `1`
Got setting from build profile YAML, name `Color Space`, value `1`
Got setting from build profile YAML, name `Color Space`, value `1`
Got setting from build profile YAML, name `Color Space`, value `1`
Got setting from build profile YAML, name `Color Space`, value `1`
Got setting from build profile YAML, name `Color Space`, value `1`
Got setting from build profile YAML, name `Color Space`, value `1`
Got setting from build profile YAML, name `Color Space`, value `1`
Got setting from build profile YAML, name `Color Space`, value `1`
Got setting from build profile YAML, name `Color Space`, value `1`
Got setting from build profile YAML, name `Color Space`, value `1`
Got setting from build profile YAML, name `Color Space`, value `1`
Got setting from build profile YAML, name `Color Space`, value `1`
Got setting from build profile YAML, name `Color Space`, value `1`
Got setting from build profile YAML, name `Color Space`, value `1`
Got setting from build profile YAML, name `Color Space`, value `1`
Got setting from build profile YAML, name `Color Space`, value `1`
Got setting from build profile YAML, name `Color Space`, value `1`
Got setting from build profile YAML, name `Color Space`, value `1`
Got setting from build profile YAML, name `Color Space`, value `1`
Got setting from build profile YAML, name `Color Space`, value `1`
Got setting from build profile YAML, name `Color Space`, value `1`
Got setting from build profile YAML, name `Color Space`, value `1`
Got setting from build profile YAML, name `Color Space`, value `1`
Got setting from build profile YAML, name `Color Space`, value `1`
Got setting from build profile YAML, name `Color Space`, value `1`
Got setting from build profile YAML, name `Color Space`, value `1`
Got setting from build profile YAML, name `Color Space`, value `1`
Got setting from build profile YAML, name `Color Space`, value `1`
Got setting from build profile YAML, name `Color Space`, value `1`
Got setting from build profile YAML, name `Color Space`, value `1`
Got setting from build profile YAML, name `Color Space`, value `1`
Got setting from build profile YAML, name `Color Space`, value `1`
Got setting from build profile YAML, name `Color Space`, value `1`
Got setting from build profile YAML, name `Color Space`, value `1`
Got setting from build profile YAML, name `Color Space`, value `1`
Got setting from build profile YAML, name `Color Space`, value `1`
Got setting from build profile YAML, name `Color Space`, value `1`
Got setting from build profile YAML, name `Color Space`, value `1`
Got setting from build profile YAML, name `Color Space`, value `1`
Got setting from build profile YAML, name `Color Space`, value `1`
Got setting from build profile YAML, name `Color Space`, value `1`
Got setting from build profile YAML, name `Color Space`, value `1`
Got setting from build profile YAML, name `Color Space`, value `1`
Got setting from build profile YAML, name `Color Space`, value `1`
Got setting from build profile YAML, name `Color Space`, value `1`
Got setting from build profile YAML, name `Color Space`, value `1`
Got setting from build profile YAML, name `Color Space`, value `1`
Got setting from build profile YAML, name `Color Space`, value `1`
Got setting from build profile YAML, name `Color Space`, value `1`
Got setting from build profile YAML, name `Color Space`, value `1`
Got setting from build profile YAML, name `Color Space`, value `1`
Got setting from build profile YAML, name `Color Space`, value `1`
Got setting from build profile YAML, name `Color Space`, value `1`
Got setting from build profile YAML, name `Color Space`, value `1`
Got setting from build profile YAML, name `Color Space`, value `1`
Got setting from build profile YAML, name `Color Space`, value `1`
Got setting from build profile YAML, name `Color Space`, value `1`
Got setting from build profile YAML, name `Color Space`, value `1`
Got setting from build profile YAML, name `Color Space`, value `1`
Got setting from build profile YAML, name `Color Space`, value `1`
Got setting from build profile YAML, name `Color Space`, value `1`
Got setting from build profile YAML, name `Color Space`, value `1`
Got setting from build profile YAML, name `Color Space`, value `1`
Got setting from build profile YAML, name `Color Space`, value `1`
Got setting from build profile YAML, name `Color Space`, value `1`
Got setting from build profile YAML, name `Color Space`, value `1`
Got setting from build profile YAML, name `Color Space`, value `1`
Got setting from build profile YAML, name `Color Space`, value `1`
Got setting from build profile YAML, name `Color Space`, value `1`
Got setting from build profile YAML, name `Color Space`, value `1`
Got setting from build profile YAML, name `Color Space`, value `1`
Got setting from build profile YAML, name `Color Space`, value `1`
Got setting from build profile YAML, name `Color Space`, value `1`
Got setting from build profile YAML, name `Color Space`, value `1`
Got setting from build profile YAML, name `Color Space`, value `1`
Got setting from build profile YAML, name `Color Space`, value `1`
Got setting from build profile YAML, name `Color Space`, value `1`
Got setting from build profile YAML, name `Color Space`, value `1`
Got setting from build profile YAML, name `Color Space`, value `1`
Got setting from build profile YAML, name `Color Space`, value `1`
Got setting from build profile YAML, name `Color Space`, value `1`
Got setting from build profile YAML, name `Color Space`, value `1`
Got setting from build profile YAML, name `Color Space`, value `1`
Got setting from build profile YAML, name `Color Space`, value `1`
Got setting from build profile YAML, name `Color Space`, value `1`
Got setting from build profile YAML, name `Color Space`, value `1`
Got setting from build profile YAML, name `Color Space`, value `1`
Got setting from build profile YAML, name `Color Space`, value `1`
Got setting from build profile YAML, name `Color Space`, value `1`
Got setting from build profile YAML, name `Color Space`, value `1`
Got setting from build profile YAML, name `Color Space`, value `1`
Got setting from build profile YAML, name `Color Space`, value `1`
Got setting from build profile YAML, name `Color Space`, value `1`
Got setting from build profile YAML, name `Color Space`, value `1`
Got setting from build profile YAML, name `Color Space`, value `1`
Got setting from build profile YAML, name `Color Space`, value `1`
Got setting from build profile YAML, name `Color Space`, value `1`
Got setting from build profile YAML, name `Color Space`, value `1`
Got setting from build profile YAML, name `Color Space`, value `1`
Got setting from build profile YAML, name `Color Space`, value `1`
Got setting from build profile YAML, name `Color Space`, value `1`
Got setting from build profile YAML, name `Color Space`, value `1`
Got setting from build profile YAML, name `Color Space`, value `1`
Got setting from build profile YAML, name `Color Space`, value `1`
Got setting from build profile YAML, name `Color Space`, value `1`
Got setting from build profile YAML, name `Color Space`, value `1`
Got setting from build profile YAML, name `Color Space`, value `1`
Got setting from build profile YAML, name `Color Space`, value `1`
Got setting from build profile YAML, name `Color Space`, value `1`
Got setting from build profile YAML, name `Color Space`, value `1`
Got setting from build profile YAML, name `Color Space`, value `1`
Got setting from build profile YAML, name `Color Space`, value `1`
Got setting from build profile YAML, name `Color Space`, value `1`
Got setting from build profile YAML, name `Color Space`, value `1`
Got setting from build profile YAML, name `Color Space`, value `1`
Got setting from build profile YAML, name `Color Space`, value `1`
Got setting from build profile YAML, name `Color Space`, value `1`
Got setting from build profile YAML, name `Color Space`, value `1`
Got setting from build profile YAML, name `Color Space`, value `1`
Got setting from build profile YAML, name `Color Space`, value `1`
Got setting from build profile YAML, name `Color Space`, value `1`
Got setting from build profile YAML, name `Color Space`, value `1`
Got setting from build profile YAML, name `Color Space`, value `1`
Got setting from build profile YAML, name `Color Space`, value `1`
Got setting from build profile YAML, name `Color Space`, value `1`
Got setting from build profile YAML, name `Color Space`, value `1`
Got setting from build profile YAML, name `Color Space`, value `1`
Got setting from build profile YAML, name `Color Space`, value `1`
Got setting from build profile YAML, name `Color Space`, value `1`
Got setting from build profile YAML, name `Color Space`, value `1`
Got setting from build profile YAML, name `Color Space`, value `1`
Got setting from build profile YAML, name `Color Space`, value `1`
Got setting from build profile YAML, name `Color Space`, value `1`
Got setting from build profile YAML, name `Color Space`, value `1`
Got setting from build profile YAML, name `Color Space`, value `1`
Got setting from build profile YAML, name `Color Space`, value `1`
Got setting from build profile YAML, name `Color Space`, value `1`
Got setting from build profile YAML, name `Color Space`, value `1`
Got setting from build profile YAML, name `Color Space`, value `1`
Got setting from build profile YAML, name `Color Space`, value `1`
Got setting from build profile YAML, name `Color Space`, value `1`
Got setting from build profile YAML, name `Color Space`, value `1`
Got setting from build profile YAML, name `Color Space`, value `1`
Got setting from build profile YAML, name `Color Space`, value `1`
Got setting from build profile YAML, name `Color Space`, value `1`
Got setting from build profile YAML, name `Color Space`, value `1`
Got setting from build profile YAML, name `Color Space`, value `1`
Got setting from build profile YAML, name `Color Space`, value `1`
Got setting from build profile YAML, name `Color Space`, value `1`
Got setting from build profile YAML, name `Color Space`, value `1`
Got setting from build profile YAML, name `Color Space`, value `1`
Got setting from build profile YAML, name `Color Space`, value `1`
Got setting from build profile YAML, name `Color Space`, value `1`
Got setting from build profile YAML, name `Color Space`, value `1`
Got setting from build profile YAML, name `Color Space`, value `1`
Got setting from build profile YAML, name `Color Space`, value `1`
Got setting from build profile YAML, name `Color Space`, value `1`
Got setting from build profile YAML, name `Color Space`, value `1`
Got setting from build profile YAML, name `Color Space`, value `1`
Got setting from build profile YAML, name `Color Space`, value `1`
Got setting from build profile YAML, name `Color Space`, value `1`
Got setting from build profile YAML, name `Color Space`, value `1`
Got setting from build profile YAML, name `Color Space`, value `1`
Got setting from build profile YAML, name `Color Space`, value `1`
Got setting from build profile YAML, name `Color Space`, value `1`
Got setting from build profile YAML, name `Color Space`, value `1`
Got setting from build profile YAML, name `Color Space`, value `1`
Got setting from build profile YAML, name `Color Space`, value `1`
Got setting from build profile YAML, name `Color Space`, value `1`
Got setting from build profile YAML, name `Color Space`, value `1`
Got setting from build profile YAML, name `Color Space`, value `1`
Got setting from build profile YAML, name `Color Space`, value `1`
Got setting from build profile YAML, name `Color Space`, value `1`
Got setting from build profile YAML, name `Color Space`, value `1`
Got setting from build profile YAML, name `Color Space`, value `1`
Got setting from build profile YAML, name `Color Space`, value `1`
Got setting from build profile YAML, name `Color Space`, value `1`
Got setting from build profile YAML, name `Color Space`, value `1`
Got setting from build profile YAML, name `Color Space`, value `1`
Got setting from build profile YAML, name `Color Space`, value `1`
Got setting from build profile YAML, name `Color Space`, value `1`
Got setting from build profile YAML, name `Color Space`, value `1`
Got setting from build profile YAML, name `Color Space`, value `1`
Got setting from build profile YAML, name `Color Space`, value `1`
Got setting from build profile YAML, name `Color Space`, value `1`
Got setting from build profile YAML, name `Color Space`, value `1`
Got setting from build profile YAML, name `Color Space`, value `1`
Got setting from build profile YAML, name `Color Space`, value `1`
Got setting from build profile YAML, name `Color Space`, value `1`
Got setting from build profile YAML, name `Color Space`, value `1`
Got setting from build profile YAML, name `Color Space`, value `1`
Got setting from build profile YAML, name `Color Space`, value `1`
Got setting from build profile YAML, name `Color Space`, value `1`
Got setting from build profile YAML, name `Color Space`, value `1`
Got setting from build profile YAML, name `Color Space`, value `1`
Got setting from build profile YAML, name `Color Space`, value `1`
Got setting from build profile YAML, name `Color Space`, value `1`
Got setting from build profile YAML, name `Color Space`, value `1`
Got setting from build profile YAML, name `Color Space`, value `1`
Got setting from build profile YAML, name `Color Space`, value `1`
Got setting from build profile YAML, name `Color Space`, value `1`
Got setting from build profile YAML, name `Color Space`, value `1`
Got setting from build profile YAML, name `Color Space`, value `1`
Got setting from build profile YAML, name `Color Space`, value `1`
Got setting from build profile YAML, name `Color Space`, value `1`
Got setting from build profile YAML, name `Color Space`, value `1`
Got setting from build profile YAML, name `Color Space`, value `1`
Got setting from build profile YAML, name `Color Space`, value `1`
Got setting from build profile YAML, name `Color Space`, value `1`
Got setting from build profile YAML, name `Color Space`, value `1`
Got setting from build profile YAML, name `Color Space`, value `1`
Got setting from build profile YAML, name `Color Space`, value `1`
Got setting from build profile YAML, name `Color Space`, value `1`
Got setting from build profile YAML, name `Color Space`, value `1`
Got setting from build profile YAML, name `Color Space`, value `1`
Got setting from build profile YAML, name `Color Space`, value `1`
Got setting from build profile YAML, name `Color Space`, value `1`
Got setting from build profile YAML, name `Color Space`, value `1`
Got setting from build profile YAML, name `Color Space`, value `1`
Got setting from build profile YAML, name `Color Space`, value `1`
Got setting from build profile YAML, name `Color Space`, value `1`
Got setting from build profile YAML, name `Color Space`, value `1`
Got setting from build profile YAML, name `Color Space`, value `1`
Got setting from build profile YAML, name `Color Space`, value `1`
Got setting from build profile YAML, name `Color Space`, value `1`
Got setting from build profile YAML, name `Color Space`, value `1`
Got setting from build profile YAML, name `Color Space`, value `1`
Got setting from build profile YAML, name `Color Space`, value `1`
Got setting from build profile YAML, name `Color Space`, value `1`
Got setting from build profile YAML, name `Color Space`, value `1`
Got setting from build profile YAML, name `Color Space`, value `1`
Initialize mono
Mono path[0] = '/Applications/Unity/Hub/Editor/6000.6.0f1/Unity.app/Contents/Resources/Scripting/Managed'
Mono path[1] = '/Applications/Unity/Hub/Editor/6000.6.0f1/Unity.app/Contents/Resources/Scripting/BCLExtensions/runtime/netstandard2.1'
Mono path[2] = '/Applications/Unity/Hub/Editor/6000.6.0f1/Unity.app/Contents/Resources/Scripting/MonoBleedingEdge/lib/mono/unityjit-macos'
Mono config path = '/Applications/Unity/Hub/Editor/6000.6.0f1/Unity.app/Contents/Resources/Scripting/MonoBleedingEdge/etc'
Using monoOptions --debugger-agent=transport=dt_socket,embedding=1,server=y,suspend=n,address=127.0.0.1:56269
CodeReloadManager initialized
ImportWorker Server TCP listen port: 0
AcceleratorClientConnectionCallback - disconnected - :0
Begin MonoManager ReloadAssembly
Registering precompiled unity dll's ...
Register platform support module: /Applications/Unity/Hub/Editor/6000.6.0f1/PlaybackEngines/WebGLSupport/UnityEditor.WebGL.Extensions.dll
Register platform support module: /Applications/Unity/Hub/Editor/6000.6.0f1/PlaybackEngines/MacStandaloneSupport/UnityEditor.OSXStandalone.Extensions.dll
Registered in 0.001329 seconds.
Native extension for OSXStandalone target not found
Native extension for WebGL target not found
Package Manager log level set to [2]
ScheduleIndexationOnStartup MainProcess:False IndexOnStartup:True
Got setting from build profile YAML, name `Color Space`, value `1`
Got setting from build profile YAML, name `Color Space`, value `1`
Got setting from build profile YAML, name `Color Space`, value `1`
Got setting from build profile YAML, name `Color Space`, value `1`
Got setting from build profile YAML, name `Color Space`, value `1`
Got setting from build profile YAML, name `Color Space`, value `1`
Got setting from build profile YAML, name `Color Space`, value `1`
Got setting from build profile YAML, name `Color Space`, value `1`
Got setting from build profile YAML, name `Color Space`, value `1`
Got setting from build profile YAML, name `Color Space`, value `1`
Got setting from build profile YAML, name `Color Space`, value `1`
Got setting from build profile YAML, name `Color Space`, value `1`
Got setting from build profile YAML, name `Color Space`, value `1`
Got setting from build profile YAML, name `Color Space`, value `1`
Got setting from build profile YAML, name `Color Space`, value `1`
Got setting from build profile YAML, name `Color Space`, value `1`
Got setting from build profile YAML, name `Color Space`, value `1`
Got setting from build profile YAML, name `Color Space`, value `1`
Got setting from build profile YAML, name `Color Space`, value `1`
Got setting from build profile YAML, name `Color Space`, value `1`
Got setting from build profile YAML, name `Color Space`, value `1`
Got setting from build profile YAML, name `Color Space`, value `1`
Got setting from build profile YAML, name `Color Space`, value `1`
Got setting from build profile YAML, name `Color Space`, value `1`
Got setting from build profile YAML, name `Color Space`, value `1`
Got setting from build profile YAML, name `Color Space`, value `1`
Got setting from build profile YAML, name `Color Space`, value `1`
Got setting from build profile YAML, name `Color Space`, value `1`
Got setting from build profile YAML, name `Color Space`, value `1`
Got setting from build profile YAML, name `Color Space`, value `1`
Got setting from build profile YAML, name `Color Space`, value `1`
Got setting from build profile YAML, name `Color Space`, value `1`
Got setting from build profile YAML, name `Color Space`, value `1`
Got setting from build profile YAML, name `Color Space`, value `1`
Got setting from build profile YAML, name `Color Space`, value `1`
Got setting from build profile YAML, name `Color Space`, value `1`
Got setting from build profile YAML, name `Color Space`, value `1`
Got setting from build profile YAML, name `Color Space`, value `1`
Got setting from build profile YAML, name `Color Space`, value `1`
Got setting from build profile YAML, name `Color Space`, value `1`
Got setting from build profile YAML, name `Color Space`, value `1`
Got setting from build profile YAML, name `Color Space`, value `1`
Got setting from build profile YAML, name `Color Space`, value `1`
Got setting from build profile YAML, name `Color Space`, value `1`
Got setting from build profile YAML, name `Color Space`, value `1`
Got setting from build profile YAML, name `Color Space`, value `1`
Got setting from build profile YAML, name `Color Space`, value `1`
Got setting from build profile YAML, name `Color Space`, value `1`
Got setting from build profile YAML, name `Color Space`, value `1`
Got setting from build profile YAML, name `Color Space`, value `1`
Got setting from build profile YAML, name `Color Space`, value `1`
Got setting from build profile YAML, name `Color Space`, value `1`
Got setting from build profile YAML, name `Color Space`, value `1`
Got setting from build profile YAML, name `Color Space`, value `1`
Got setting from build profile YAML, name `Color Space`, value `1`
Got setting from build profile YAML, name `Color Space`, value `1`
Got setting from build profile YAML, name `Color Space`, value `1`
Got setting from build profile YAML, name `Color Space`, value `1`
Got setting from build profile YAML, name `Color Space`, value `1`
Got setting from build profile YAML, name `Color Space`, value `1`
Got setting from build profile YAML, name `Color Space`, value `1`
Got setting from build profile YAML, name `Color Space`, value `1`
Got setting from build profile YAML, name `Color Space`, value `1`
Got setting from build profile YAML, name `Color Space`, value `1`
Got setting from build profile YAML, name `Color Space`, value `1`
Got setting from build profile YAML, name `Color Space`, value `1`
Got setting from build profile YAML, name `Color Space`, value `1`
Got setting from build profile YAML, name `Color Space`, value `1`
Got setting from build profile YAML, name `Color Space`, value `1`
Got setting from build profile YAML, name `Color Space`, value `1`
Got setting from build profile YAML, name `Color Space`, value `1`
Got setting from build profile YAML, name `Color Space`, value `1`
Got setting from build profile YAML, name `Color Space`, value `1`
Got setting from build profile YAML, name `Color Space`, value `1`
Got setting from build profile YAML, name `Color Space`, value `1`
Got setting from build profile YAML, name `Color Space`, value `1`
Got setting from build profile YAML, name `Color Space`, value `1`
Got setting from build profile YAML, name `Color Space`, value `1`
Got setting from build profile YAML, name `Color Space`, value `1`
Got setting from build profile YAML, name `Color Space`, value `1`
Got setting from build profile YAML, name `Color Space`, value `1`
Got setting from build profile YAML, name `Color Space`, value `1`
Got setting from build profile YAML, name `Color Space`, value `1`
Got setting from build profile YAML, name `Color Space`, value `1`
Got setting from build profile YAML, name `Color Space`, value `1`
Got setting from build profile YAML, name `Color Space`, value `1`
Got setting from build profile YAML, name `Color Space`, value `1`
Got setting from build profile YAML, name `Color Space`, value `1`
Got setting from build profile YAML, name `Color Space`, value `1`
Got setting from build profile YAML, name `Color Space`, value `1`
Got setting from build profile YAML, name `Color Space`, value `1`
Got setting from build profile YAML, name `Color Space`, value `1`
Got setting from build profile YAML, name `Color Space`, value `1`
Got setting from build profile YAML, name `Color Space`, value `1`
Got setting from build profile YAML, name `Color Space`, value `1`
Got setting from build profile YAML, name `Color Space`, value `1`
Got setting from build profile YAML, name `Color Space`, value `1`
Got setting from build profile YAML, name `Color Space`, value `1`
Got setting from build profile YAML, name `Color Space`, value `1`
Got setting from build profile YAML, name `Color Space`, value `1`
Got setting from build profile YAML, name `Color Space`, value `1`
Got setting from build profile YAML, name `Color Space`, value `1`
Got setting from build profile YAML, name `Color Space`, value `1`
Got setting from build profile YAML, name `Color Space`, value `1`
Got setting from build profile YAML, name `Color Space`, value `1`
Got setting from build profile YAML, name `Color Space`, value `1`
Got setting from build profile YAML, name `Color Space`, value `1`
Got setting from build profile YAML, name `Color Space`, value `1`
Got setting from build profile YAML, name `Color Space`, value `1`
Got setting from build profile YAML, name `Color Space`, value `1`
Got setting from build profile YAML, name `Color Space`, value `1`
Got setting from build profile YAML, name `Color Space`, value `1`
Got setting from build profile YAML, name `Color Space`, value `1`
Got setting from build profile YAML, name `Color Space`, value `1`
Scripting: successfully reloaded assembly
- Finished resetting the current domain, in  1.039 seconds
Domain Reload Profiling: 1435ms
	BeginReloadAssembly (109ms)
		CreateAndSetChildDomain (15ms)
	RebuildCommonClasses (3ms)
	RebuildNativeTypeToScriptingClass (19ms)
	initialDomainReloadingComplete (42ms)
	LoadAllAssembliesAndSetupDomain (223ms)
		LoadAssemblies (93ms)
		TypeCache.Refresh (162ms)
			TypeCache.ScanAssembly (147ms)
		AnalyzeDomain (1ms)
	FinalizeReload (1039ms)
		SetupLoadedEditorAssemblies (0ms)
			InitializePlatformSupportModulesInManaged (3ms)
			BeforeProcessingInitializeOnLoad (59ms)
			ProcessInitializeOnLoadAttributes (82ms)
			ProcessInitializeOnLoadMethodAttributes (766ms)
[Licensing::Client] Successfully resolved entitlement details
Got setting from build profile YAML, name `Color Space`, value `1`
Application.AssetDatabase Initial Refresh Start
[Package Manager] Restoring resolved packages state from cache
[Licensing::Client] Successfully resolved entitlement details
[Package Manager] Registered 59 packages:
  Packages from [https://packages.unity.com]:
    com.unity.ai.navigation@2.0.14 (location: /Users/ybopeya12/CS_417/MP0_The_Menu/Library/PackageCache/com.unity.ai.navigation@134dd6a3b97b)
    com.unity.collab-proxy@2.13.6 (location: /Users/ybopeya12/CS_417/MP0_The_Menu/Library/PackageCache/com.unity.collab-proxy@4628d2ba6ea4)
    com.unity.ide.rider@3.0.38 (location: /Users/ybopeya12/CS_417/MP0_The_Menu/Library/PackageCache/com.unity.ide.rider@1f60b3138684)
    com.unity.ide.visualstudio@2.0.26 (location: /Users/ybopeya12/CS_417/MP0_The_Menu/Library/PackageCache/com.unity.ide.visualstudio@a99d56dec63f)
    com.unity.inputsystem@1.20.0 (location: /Users/ybopeya12/CS_417/MP0_The_Menu/Library/PackageCache/com.unity.inputsystem@7a4e1a2a8194)
    com.unity.visualscripting@1.9.12 (location: /Users/ybopeya12/CS_417/MP0_The_Menu/Library/PackageCache/com.unity.visualscripting@4edfcc09512f)
    com.unity.searcher@4.9.5 (location: /Users/ybopeya12/CS_417/MP0_The_Menu/Library/PackageCache/com.unity.searcher@a463122f2c00)
    com.unity.profiling.core@1.0.3 (location: /Users/ybopeya12/CS_417/MP0_The_Menu/Library/PackageCache/com.unity.profiling.core@8a49f7027d06)
    com.unity.nuget.mono-cecil@1.11.6 (location: /Users/ybopeya12/CS_417/MP0_The_Menu/Library/PackageCache/com.unity.nuget.mono-cecil@ecb9724e46ff)
  Built-in packages:
    com.unity.render-pipelines.universal@17.6.0 (location: /Users/ybopeya12/CS_417/MP0_The_Menu/Library/PackageCache/com.unity.render-pipelines.universal@8457e85b8184)
    com.unity.test-framework@1.8.0 (location: /Users/ybopeya12/CS_417/MP0_The_Menu/Library/PackageCache/com.unity.test-framework@7a3849e09bd0)
    com.unity.timeline@6.6.0 (location: /Users/ybopeya12/CS_417/MP0_The_Menu/Library/PackageCache/com.unity.timeline@281d5f7e7d7d)
    com.unity.ugui@2.6.0 (location: /Users/ybopeya12/CS_417/MP0_The_Menu/Library/PackageCache/com.unity.ugui@23caec89ae27)
    com.unity.modules.accessibility@1.0.0 (location: /Users/ybopeya12/CS_417/MP0_The_Menu/Library/PackageCache/com.unity.modules.accessibility)
    com.unity.modules.adaptiveperformance@1.0.0 (location: /Users/ybopeya12/CS_417/MP0_The_Menu/Library/PackageCache/com.unity.modules.adaptiveperformance)
    com.unity.modules.ai@1.0.0 (location: /Users/ybopeya12/CS_417/MP0_The_Menu/Library/PackageCache/com.unity.modules.ai)
    com.unity.modules.androidjni@1.0.0 (location: /Users/ybopeya12/CS_417/MP0_The_Menu/Library/PackageCache/com.unity.modules.androidjni)
    com.unity.modules.animation@1.0.0 (location: /Users/ybopeya12/CS_417/MP0_The_Menu/Library/PackageCache/com.unity.modules.animation)
    com.unity.modules.assetbundle@1.0.0 (location: /Users/ybopeya12/CS_417/MP0_The_Menu/Library/PackageCache/com.unity.modules.assetbundle)
    com.unity.modules.audio@1.0.0 (location: /Users/ybopeya12/CS_417/MP0_The_Menu/Library/PackageCache/com.unity.modules.audio)
    com.unity.modules.cloth@1.0.0 (location: /Users/ybopeya12/CS_417/MP0_The_Menu/Library/PackageCache/com.unity.modules.cloth)
    com.unity.modules.director@1.0.0 (location: /Users/ybopeya12/CS_417/MP0_The_Menu/Library/PackageCache/com.unity.modules.director)
    com.unity.modules.imageconversion@1.0.0 (location: /Users/ybopeya12/CS_417/MP0_The_Menu/Library/PackageCache/com.unity.modules.imageconversion)
    com.unity.modules.imgui@1.0.0 (location: /Users/ybopeya12/CS_417/MP0_The_Menu/Library/PackageCache/com.unity.modules.imgui)
    com.unity.modules.jsonserialize@1.0.0 (location: /Users/ybopeya12/CS_417/MP0_The_Menu/Library/PackageCache/com.unity.modules.jsonserialize)
    com.unity.modules.particlesystem@1.0.0 (location: /Users/ybopeya12/CS_417/MP0_The_Menu/Library/PackageCache/com.unity.modules.particlesystem)
    com.unity.modules.physics@1.0.0 (location: /Users/ybopeya12/CS_417/MP0_The_Menu/Library/PackageCache/com.unity.modules.physics)
    com.unity.modules.physics2d@1.0.0 (location: /Users/ybopeya12/CS_417/MP0_The_Menu/Library/PackageCache/com.unity.modules.physics2d)
    com.unity.modules.physicscore2d@1.0.0 (location: /Users/ybopeya12/CS_417/MP0_The_Menu/Library/PackageCache/com.unity.modules.physicscore2d)
    com.unity.modules.screencapture@1.0.0 (location: /Users/ybopeya12/CS_417/MP0_The_Menu/Library/PackageCache/com.unity.modules.screencapture)
    com.unity.modules.terrain@1.0.0 (location: /Users/ybopeya12/CS_417/MP0_The_Menu/Library/PackageCache/com.unity.modules.terrain)
    com.unity.modules.terrainphysics@1.0.0 (location: /Users/ybopeya12/CS_417/MP0_The_Menu/Library/PackageCache/com.unity.modules.terrainphysics)
    com.unity.modules.tetgen@1.0.0 (location: /Users/ybopeya12/CS_417/MP0_The_Menu/Library/PackageCache/com.unity.modules.tetgen)
    com.unity.modules.tilemap@1.0.0 (location: /Users/ybopeya12/CS_417/MP0_The_Menu/Library/PackageCache/com.unity.modules.tilemap)
    com.unity.modules.timelinefoundation@1.0.0 (location: /Users/ybopeya12/CS_417/MP0_The_Menu/Library/PackageCache/com.unity.modules.timelinefoundation)
    com.unity.modules.ui@1.0.0 (location: /Users/ybopeya12/CS_417/MP0_The_Menu/Library/PackageCache/com.unity.modules.ui)
    com.unity.modules.uielements@1.0.0 (location: /Users/ybopeya12/CS_417/MP0_The_Menu/Library/PackageCache/com.unity.modules.uielements)
    com.unity.modules.umbra@1.0.0 (location: /Users/ybopeya12/CS_417/MP0_The_Menu/Library/PackageCache/com.unity.modules.umbra)
    com.unity.modules.unityanalytics@1.0.0 (location: /Users/ybopeya12/CS_417/MP0_The_Menu/Library/PackageCache/com.unity.modules.unityanalytics)
    com.unity.modules.unitywebrequest@1.0.0 (location: /Users/ybopeya12/CS_417/MP0_The_Menu/Library/PackageCache/com.unity.modules.unitywebrequest)
    com.unity.modules.unitywebrequestassetbundle@1.0.0 (location: /Users/ybopeya12/CS_417/MP0_The_Menu/Library/PackageCache/com.unity.modules.unitywebrequestassetbundle)
    com.unity.modules.unitywebrequestaudio@1.0.0 (location: /Users/ybopeya12/CS_417/MP0_The_Menu/Library/PackageCache/com.unity.modules.unitywebrequestaudio)
    com.unity.modules.unitywebrequesttexture@1.0.0 (location: /Users/ybopeya12/CS_417/MP0_The_Menu/Library/PackageCache/com.unity.modules.unitywebrequesttexture)
    com.unity.modules.unitywebrequestwww@1.0.0 (location: /Users/ybopeya12/CS_417/MP0_The_Menu/Library/PackageCache/com.unity.modules.unitywebrequestwww)
    com.unity.modules.vectorgraphics@1.0.0 (location: /Users/ybopeya12/CS_417/MP0_The_Menu/Library/PackageCache/com.unity.modules.vectorgraphics)
    com.unity.modules.vehicles@1.0.0 (location: /Users/ybopeya12/CS_417/MP0_The_Menu/Library/PackageCache/com.unity.modules.vehicles)
    com.unity.modules.video@1.0.0 (location: /Users/ybopeya12/CS_417/MP0_The_Menu/Library/PackageCache/com.unity.modules.video)
    com.unity.modules.wind@1.0.0 (location: /Users/ybopeya12/CS_417/MP0_The_Menu/Library/PackageCache/com.unity.modules.wind)
    com.unity.modules.xr@1.0.0 (location: /Users/ybopeya12/CS_417/MP0_The_Menu/Library/PackageCache/com.unity.modules.xr)
    com.unity.modules.subsystems@1.0.0 (location: /Users/ybopeya12/CS_417/MP0_The_Menu/Library/PackageCache/com.unity.modules.subsystems)
    com.unity.modules.hierarchycore@1.0.0 (location: /Users/ybopeya12/CS_417/MP0_The_Menu/Library/PackageCache/com.unity.modules.hierarchycore)
    com.unity.ext.nunit@2.1.0 (location: /Users/ybopeya12/CS_417/MP0_The_Menu/Library/PackageCache/com.unity.ext.nunit@0198eae3b53e)
    com.unity.render-pipelines.core@17.6.0 (location: /Users/ybopeya12/CS_417/MP0_The_Menu/Library/PackageCache/com.unity.render-pipelines.core@2d66c71e606e)
    com.unity.shadergraph@17.6.0 (location: /Users/ybopeya12/CS_417/MP0_The_Menu/Library/PackageCache/com.unity.shadergraph@ef6135652377)
    com.unity.render-pipelines.universal-config@17.6.0 (location: /Users/ybopeya12/CS_417/MP0_The_Menu/Library/PackageCache/com.unity.render-pipelines.universal-config@561422b74439)
    com.unity.graph-authoring@1.0.0 (location: /Users/ybopeya12/CS_417/MP0_The_Menu/Library/PackageCache/com.unity.graph-authoring@cfd2588851ee)
    com.unity.burst@2.0.0 (location: /Users/ybopeya12/CS_417/MP0_The_Menu/Library/PackageCache/com.unity.burst@626e66ab421b)
    com.unity.collections@6.6.0 (location: /Users/ybopeya12/CS_417/MP0_The_Menu/Library/PackageCache/com.unity.collections@10fff0607388)
    com.unity.test-framework.performance@6.6.0 (location: /Users/ybopeya12/CS_417/MP0_The_Menu/Library/PackageCache/com.unity.test-framework.performance@0a60b857a52e)
[Subsystems] No new subsystems found in resolved package list.
[Package Manager] Done registering packages in 0.01 seconds
Starting: /Applications/Unity/Hub/Editor/6000.6.0f1/Unity.app/Contents/Resources/BuildPipeline/bee_backend --ipc --defer-dag-verification --dagfile="Library/Bee/2000b0aE.dag" --continue-on-failure --profile="Library/Bee/backend1.traceevents" ScriptAssemblies
WorkingDir: /Users/ybopeya12/CS_417/MP0_The_Menu
warn: Unity.ILPP.Runner.PostProcessingAssemblyLoadContext[0]
      Assembly system.runtime.interopservices.windowsruntime has duplicate hint path. Ignoring "/Applications/Unity/Hub/Editor/6000.6.0f1/Unity.app/Contents/Resources/Scripting/UnityReferenceAssemblies/unity-4.8-api/Facades/System.Runtime.InteropServices.WindowsRuntime.dll" in favor of "/Applications/Unity/Hub/Editor/6000.6.0f1/Unity.app/Contents/Resources/Scripting/NetStandard/Extensions/2.0.0/System.Runtime.InteropServices.WindowsRuntime.dll"
warn: Unity.ILPP.Runner.PostProcessingAssemblyLoadContext[0]
      Assembly system.componentmodel.composition has duplicate hint path. Ignoring "/Applications/Unity/Hub/Editor/6000.6.0f1/Unity.app/Contents/Resources/Scripting/UnityReferenceAssemblies/unity-4.8-api/System.ComponentModel.Composition.dll" in favor of "/Applications/Unity/Hub/Editor/6000.6.0f1/Unity.app/Contents/Resources/Scripting/NetStandard/compat/2.1.0/shims/netfx/System.ComponentModel.Composition.dll"
ExitCode: 0 Duration: 0s589ms
[686/900    0s] ILPP-Configuration Library/ilpp-configuration.nevergeneratedoutput
*** Tundra build success (0.57 seconds), 1 items updated, 900 evaluated
AssetDatabase: script compilation time: 1.624297s
Total cache size 137835704
Total cache size after purge 137835704, took 00:00:00.1258804
Begin MonoManager ReloadAssembly
'Packages/com.unity.render-pipelines.core/Editor/Deprecated.cs' contains partial class of Unity.Object, exactly 1 of the partial classes needs to be in a file with the same filename. This is to know the one that can be referenced from ie. GameObjects
'Packages/com.unity.render-pipelines.core/Editor/Deprecated.cs' contains partial class of Unity.Object, exactly 1 of the partial classes needs to be in a file with the same filename. This is to know the one that can be referenced from ie. GameObjects
Refreshing native plugins compatible for Editor in 3.85 ms, found 2 plugins.
Native extension for OSXStandalone target not found
Native extension for WebGL target not found
ScheduleIndexationOnStartup MainProcess:True IndexOnStartup:True
Scripting: successfully reloaded assembly
- Finished resetting the current domain, in  0.709 seconds
Domain Reload Profiling: 1559ms
	BeginReloadAssembly (257ms)
		DisableScriptedObjects (14ms)
		CreateAndSetChildDomain (31ms)
	RebuildCommonClasses (8ms)
	RebuildNativeTypeToScriptingClass (13ms)
	initialDomainReloadingComplete (47ms)
	LoadAllAssembliesAndSetupDomain (525ms)
		LoadAssemblies (401ms)
		TypeCache.Refresh (158ms)
			TypeCache.ScanAssembly (121ms)
		AnalyzeDomain (42ms)
			BuildScriptInfoCaches (35ms)
			ResolveRequiredComponents (5ms)
	FinalizeReload (710ms)
		SetupLoadedEditorAssemblies (0ms)
			BeforeProcessingInitializeOnLoad (64ms)
			ProcessInitializeOnLoadAttributes (224ms)
			ProcessInitializeOnLoadMethodAttributes (31ms)
		AwakeInstancesAfterBackupRestoration (23ms)
Starting new worker id: 0 with log in /Users/ybopeya12/CS_417/MP0_The_Menu/Logs/AssetImportWorkerHW0.log

Asset Pipeline Refresh (id=32dede74eea8c46d88e43e744bb875cf): Total: 4.555 seconds - Initiated by InitialRefreshV2(ForceSynchronousImport)
	(Values over 0.05ms)
	Summary:
		Imports: total=0 (actual=0, local cache=0, cache server=0)
		Asset DB Process Time: managed=0 ms, native=1894 ms
		Asset DB Callback time: managed=25 ms, native=15 ms
		Scripting: domain reloads=1, domain reload time=963 ms, compile time=1626 ms, other=30 ms
		Project Asset Count: scripts=1376, non-scripts=2357
		Asset File Changes: new=0, changed=0, moved=0, deleted=0
		Scan Filter Count: 1
	InvokePackagesCallback: 15.857ms
	ApplyChangesToAssetFolders: 0.253ms
	Scan: 378.605ms
	Collect global state as custom dependencies: 20.677ms
	CategorizeScriptCompilationAssets: 50.229ms
	ProcessAssetsWithTransientArtifactChanges: 63.414ms
	CategorizeAssets: 496.230ms
	CompileScripts: 1625.583ms
	ImportOutOfDateAssets: 730.170ms (719.123ms without children)
		ReloadNativeAssets: 0.296ms
		UnloadImportedAssets: 4.874ms
		EnsureUptoDateAssetsAreRegisteredWithGuidPM: 0.511ms
		ImportSchedulerStart: 5.203ms
	PostProcessAllAssets: 26.489ms
		MonoPostProcessAllAssets: 25.282ms
			UniversalRenderPipelineGlobalSettingsPostprocessor.OnPostprocessAllAssets 14.113ms
			SpeedTree9Postprocessor.OnPostprocessAllAssets 1.113ms
			WindowAssetPostprocessingWatcher.OnPostprocessAllAssets 1.074ms
			EditModeScopePostprocessor.OnPostprocessAllAssets 0.561ms
			RenderPipelineGlobalSettingsPostprocessor.OnPostprocessAllAssets 0.393ms
			ShaderReflectionAssetPostProcessor.OnPostprocessAllAssets 0.312ms
			TerrainToolbarOverlayPostProcessor.OnPostprocessAllAssets 0.240ms
			InputActionAssetPostprocessor.OnPostprocessAllAssets 0.203ms
			ReferencedClipsPostProcessor.OnPostprocessAllAssets 0.149ms
			ProjectSettingsPostprocessor.OnPostprocessAllAssets 0.140ms
			AssetDatabaseCallbacks.OnPostprocessAllAssets 0.078ms
			SyncVS.PostprocessSyncProject 0.066ms
	UnloadStreamsBegin: 3.595ms
	PersistCurrentRevisions: 0.083ms
	GenerateScriptTypeHashes: 1.476ms
	GenerateScriptTypeSerializationHashes: 2.537ms
	Untracked: 1141.337ms

Application.AssetDatabase Initial Refresh End
Shader Hidden/ChartRasterizerHardware is not supported: GPU does not support conservative rasterization
Launching external process: /Applications/Unity/Hub/Editor/6000.6.0f1/Unity.app/Contents/Helpers/UnityShaderCompiler
Launched and connected shader compiler UnityShaderCompiler after 0.12 seconds
Shader Hidden/ChartRasterizerHardware is not supported: GPU does not support conservative rasterization
Scanning for USB devices : 1.843ms
Initializing Unity extensions:
[MODES] ModeService[none].Initialize
[MODES] ModeService[none].LoadModes
[MODES] Loading mode Default (0) for mode-current-id-MP0_The_Menu
2026-09-10 18:10:37.142 Unity[90269:11863740] NSEventModifierFlagFunction specified to -setKeyEquivalentModifierMask: for item <NSMenuItem: 0x8d51a7020 SDF, ke='Command-F12'>, but is only supported for system-provided menu items; will not be used
Unloading 33 Unused Serialized files (Serialized files now loaded: 0)
Loaded scene 'Assets/Scenes/SampleScene.unity'
	Deserialize:            62.371 ms
	Integration:            57.767 ms
	Integration of assets:  14.052 ms
	Thread Wait Time:       2.677 ms
	Total Operation Time:   136.867 ms
Unloading 6593 unused Assets / (6.9 MB). Loaded Objects now: 7745.
Memory consumption went from 256.5 MB to 249.6 MB.
Total: 10.758916 ms (FindLiveObjects: 0.500625 ms CreateObjectMapping: 0.168083 ms MarkObjects: 6.072292 ms  DeleteObjects: 3.904125 ms)

[LAYOUT] About to load UserSettings/Layouts/default-6000.dwlt, keepMainWindow=False
[LAYOUT] About to save layout /Users/ybopeya12/CS_417/MP0_The_Menu/UserSettings/Layouts/default-6000.dwlt
[LAYOUT] About to save layout /Users/ybopeya12/Library/Preferences/Unity/Editor-5.x/Layouts/current/default-6000.dwlt
[MODES] ModeService[default].InitializeCurrentMode
[MODES] ModeService[default].RaiseModeChanged(default, default)
[Project] Loading completed in 14.694 seconds
	Project init time: 				12.273 seconds
		Template init time: 		0.000 seconds
		Package Manager init time: 		0.344 seconds
		Asset Database init time: 		3.095 seconds
		Global illumination init time: 	0.004 seconds
		Assemblies load time: 			1.502 seconds
		Unity extensions init time: 	0.197 seconds
		Asset Database refresh time: 	4.562 seconds
	Scene opening time: 			1.344 seconds
##utp:{"type":"ProjectInfo","version":2,"phase":"Immediate","time":1789081837813,"processId":90269,"projectLoad":14.694169208,"projectInit":12.273326666,"templateInit":0.0,"packageManagerInit":0.344130917,"assetDatabaseInit":3.095321542,"globalIlluminationInit":0.003628875,"assembliesLoad":1.501809042,"unityExtensionsInit":0.19689825,"assetDatabaseRefresh":4.561610291,"sceneOpening":1.344019}
##utp:{"type":"EditorInfo","version":2,"phase":"Immediate","time":1789081837814,"processId":90269,"editorVersion":"6000.6.0f1 (f7f8ed4d1e24)","branch":"6000.6/respin/6000.6.0f1-fa21a270ab12","buildType":"Release","platform":"OSX"}
Subscribe to USB device events

Asset Pipeline Refresh (id=cc087df390656484b887a1485b9d6f63): Total: 0.590 seconds - Initiated by RefreshV2(NoUpdateAssetOptions)
	(Values over 0.05ms)
	Summary:
		Imports: total=0 (actual=0, local cache=0, cache server=0)
		Asset DB Process Time: managed=0 ms, native=589 ms
		Asset DB Callback time: managed=0 ms, native=0 ms
		Scripting: domain reloads=0, domain reload time=0 ms, compile time=0 ms, other=0 ms
		Project Asset Count: scripts=1376, non-scripts=2357
		Asset File Changes: new=0, changed=0, moved=0, deleted=0
		Scan Filter Count: 1
	ApplyChangesToAssetFolders: 0.170ms
	Scan: 215.657ms
	Collect global state as custom dependencies: 1.122ms
	ProcessAssetsWithTransientArtifactChanges: 1.544ms
	CategorizeAssets: 353.161ms
	ImportOutOfDateAssets: 1.834ms (0.477ms without children)
		UnloadImportedAssets: 0.083ms
		EnsureUptoDateAssetsAreRegisteredWithGuidPM: 0.277ms
		ImportSchedulerStart: 0.951ms
	GatherAllCurrentPrimaryImportResultRevisions: 0.612ms
	UnloadStreamsBegin: 1.145ms
	PersistCurrentRevisions: 0.081ms
	Untracked: 13.325ms

Created GICache directory at /Users/ybopeya12/Library/Caches/com.unity3d.UnityEditor/GiCache. Took: 0.002s, timestamps: [14.702 - 14.704]
Worker ready: AssetImportWorkerHW0 0
[Licensing::Client] Successfully resolved entitlement details
[Licensing::Client] Successfully resolved entitlement details
[Licensing::Client] Successfully resolved entitlement details
[Licensing::Client] Successfully updated the access token
[Licensing::Module] Successfully updated access token: "C67Phfn6"... (expires: 2026-09-11T00:09:14Z)
[Licensing::Client] Successfully resolved entitlement details
UPID Received 'c84be9c7-ab6a-43ec-9b98-72c98b05b0c5'.
TrimDiskCacheJob: Current cache size 0mb
Asset Pipeline Refresh (id=878435c20a04e4329a6f9f399bb38f6a): Total: 0.280 seconds - Initiated by RefreshV2(AllowForceSynchronousImport)
Start Indexing on Editor startup
[Indexing] Starting Initial Indexing for Assets
2026-09-10 18:11:37.553 Unity[90269:11863740] NSEventModifierFlagFunction specified to -setKeyEquivalentModifierMask: for item <NSMenuItem: 0x8d51adcc0 SDF, ke='Command-F12'>, but is only supported for system-provided menu items; will not be used
[LAYOUT] About to load /Users/ybopeya12/Library/Preferences/Unity/Editor-5.x/Layouts/default/2 by 3.wlt, keepMainWindow=True
[LAYOUT] About to save layout /Users/ybopeya12/CS_417/MP0_The_Menu/UserSettings/Layouts/default-6000.dwlt
[LAYOUT] About to save layout /Users/ybopeya12/Library/Preferences/Unity/Editor-5.x/Layouts/current/default-6000.dwlt
[LAYOUT] About to load /Users/ybopeya12/Library/Preferences/Unity/Editor-5.x/Layouts/default/4 Split.wlt, keepMainWindow=True
[LAYOUT] About to save layout /Users/ybopeya12/CS_417/MP0_The_Menu/UserSettings/Layouts/default-6000.dwlt
[LAYOUT] About to save layout /Users/ybopeya12/Library/Preferences/Unity/Editor-5.x/Layouts/current/default-6000.dwlt
Starting new worker id: 1 with log in /Users/ybopeya12/CS_417/MP0_The_Menu/Logs/AssetImportWorkerHW1.log
[Worker0] Imported GUID: 32d7c61542be646ec9db04c996cbf39d - Path: Assets/pickupCoin.wav - Importer: PreviewImporter -> (ImportResultId: '364d00c11b02a7b3987eee3ab693c8a2') in 1.152071667 seconds
[Worker0] Imported GUID: 8105016687592461f977c054a80ce2f2 - Path: Assets/Readme.asset - Importer: PreviewImporter -> (ImportResultId: '7ea86a10af4ec97c603c40316953aa5a') in 0.064605292 seconds
Thread 0x43cc63000 may have been prematurely finalized
[LAYOUT] About to load /Users/ybopeya12/Library/Preferences/Unity/Editor-5.x/Layouts/default/Default.wlt, keepMainWindow=True
[LAYOUT] About to save layout /Users/ybopeya12/CS_417/MP0_The_Menu/UserSettings/Layouts/default-6000.dwlt
[LAYOUT] About to save layout /Users/ybopeya12/Library/Preferences/Unity/Editor-5.x/Layouts/current/default-6000.dwlt
[Worker0] Imported GUID: 6f6d47a0316974ba09585019f9cb884c - Path: Assets/Yohali.prefab - Importer: PreviewImporter -> (ImportResultId: '5690100de17a332c4f06912df957d2dd') in 0.110482125 seconds
Worker ready: AssetImportWorkerHW1 1
2026-09-10 18:12:14.591 Unity[90269:11863740] NSEventModifierFlagFunction specified to -setKeyEquivalentModifierMask: for item <NSMenuItem: 0x8d51a4320 SDF, ke='Command-F12'>, but is only supported for system-provided menu items; will not be used
2026-09-10 18:12:20.748 Unity[90269:11863740] NSEventModifierFlagFunction specified to -setKeyEquivalentModifierMask: for item <NSMenuItem: 0x8d51a3b60 SDF, ke='Command-F12'>, but is only supported for system-provided menu items; will not be used
Asset Pipeline Refresh (id=816ac79279e6e4ef0a0772eddd6d4d33): Total: 0.215 seconds - Initiated by RefreshV2(AllowForceSynchronousImport)
2026-09-10 18:13:30.815 Unity[90269:11863740] NSEventModifierFlagFunction specified to -setKeyEquivalentModifierMask: for item <NSMenuItem: 0x8d51a12c0 SDF, ke='Command-F12'>, but is only supported for system-provided menu items; will not be used
Importing 'GUID: 00000000000000009000000000000000 - Path: ProjectSettings/QualitySettings.asset' with importer (LibraryAssetImporter)
Imported 'GUID: 00000000000000009000000000000000' -> (Import Result ID: '8151b601d05d3e12de314c2aa1f82962') in 0.006 seconds [static dependencies only]. Details - ImportResultOutputID=2a108b3da874f726c62fbe5f12be4a8a DependenciesID=6180c49ef29638684367d2893c04e070 StaticDependenciesID=5b19720d9149525484b40148944c8e26 
Asset Pipeline Refresh (id=905b743b352624d26983c1eaf1c5c8b0): Total: 0.093 seconds - Initiated by StopAssetImportingV2(NoUpdateAssetOptions)
Importing 'GUID: 99c9720ab356a0642a771bea13969a05 - Path: Assets/Scenes/SampleScene.unity' with importer (DefaultImporter)
Imported 'GUID: 99c9720ab356a0642a771bea13969a05' -> (Import Result ID: 'e8f9a61f11d6fd3c6737e827eb1398d2') in 0.001 seconds [static dependencies only]. Details - ImportResultOutputID=b4491ddbae88a879b6308480a6079ca7 DependenciesID=23dbe7539d405dac07050cb65d3a48c0 StaticDependenciesID=0717038df644e324fc8e87fe6fd0377d 
Asset Pipeline Refresh (id=44ceb2046486242fd9fbd45abc7715a0): Total: 0.095 seconds - Initiated by StopAssetImportingV2(NoUpdateAssetOptions)
[Worker0] Imported GUID: 99c9720ab356a0642a771bea13969a05 - Path: Assets/Scenes/SampleScene.unity - Importer: ScriptedImporter/UnityEditor.QuickSearchModule:UnityEditor.Search:ASIAI0B -> (ImportResultId: '5d16a1b4dda0bb833fb5b15b3cbff8a1') in 0.120394917 seconds
Asset Pipeline Refresh (id=a5669a5465ba442219f74285b338080b): Total: 0.204 seconds - Initiated by RefreshV2(AllowForceSynchronousImport)
Asset Pipeline Refresh (id=6fe4d9260e6b94706825d52435e0066e): Total: 0.243 seconds - Initiated by RefreshV2(AllowForceSynchronousImport)
Asset Pipeline Refresh (id=511dc6a9aca5b48f08c73faa569ceb6f): Total: 0.120 seconds - Initiated by RefreshV2(AllowForceSynchronousImport)
[Worker0] Imported GUID: e73a58f6e2794ae7b1b7e50b7fb811b0 - Path: Assets/TextMesh Pro/Resources/Fonts & Materials/LiberationSans SDF - Drop Shadow.mat - Importer: PreviewImporter -> (ImportResultId: '112323cc28a204c0056eab98ee094981') in 0.807199792 seconds
[Worker1] Imported GUID: 79459efec17a4d00a321bdcc27bbc385 - Path: Assets/TextMesh Pro/Resources/Fonts & Materials/LiberationSans SDF - Outline.mat - Importer: PreviewImporter -> (ImportResultId: '8310e2a6718bbafc9041c64a74a53052') in 1.187309791 seconds
[Worker1] Imported GUID: ca2ed216f98028c4dae6c5224a952b3c - Path: Assets/TextMesh Pro/Shaders/TMP_SDF-HDRP LIT.shadergraph - Importer: PreviewImporter -> (ImportResultId: 'ca7c2f21abd14631745073826fb11204') in 0.052872125 seconds
[Worker1] Imported GUID: 124c112a6e8f1a54e8b0870e881b56d8 - Path: Assets/TextMesh Pro/Shaders/TMP_SDF-URP Unlit.shadergraph - Importer: PreviewImporter -> (ImportResultId: 'd8972488a67b55b6b31465be970dfbbf') in 0.59480675 seconds
[Worker1] Imported GUID: f63d574838ccfb44f84acc05fed0af48 - Path: Assets/TextMesh Pro/Shaders/TMP_SDF-HDRP UNLIT.shadergraph - Importer: PreviewImporter -> (ImportResultId: '7645a2ca3ff8b98b134feb2451fec8ec') in 0.017251 seconds
[Worker1] Imported GUID: 8f586378b4e144a9851e7b34d9b748ee - Path: Assets/TextMesh Pro/Resources/Fonts & Materials/LiberationSans SDF.asset - Importer: PreviewImporter -> (ImportResultId: '2d96eac10827ab0c7f618cbc76d9a90b') in 0.202127666 seconds
[Worker1] Imported GUID: 2e498d1c8094910479dc3e1b768306a4 - Path: Assets/TextMesh Pro/Resources/Fonts & Materials/LiberationSans SDF - Fallback.asset - Importer: PreviewImporter -> (ImportResultId: '0febb34cc0456875bd48e7d98713d469') in 0.027588916 seconds
Launching external process: /Applications/Unity/Hub/Editor/6000.6.0f1/Unity.app/Contents/Helpers/UnityShaderCompiler
Launched and connected shader compiler UnityShaderCompiler after 0.07 seconds
Launching external process: /Applications/Unity/Hub/Editor/6000.6.0f1/Unity.app/Contents/Helpers/UnityShaderCompiler
Launched and connected shader compiler UnityShaderCompiler after 0.01 seconds
Launching external process: /Applications/Unity/Hub/Editor/6000.6.0f1/Unity.app/Contents/Helpers/UnityShaderCompiler
Launched and connected shader compiler UnityShaderCompiler after 0.01 seconds
Launching external process: /Applications/Unity/Hub/Editor/6000.6.0f1/Unity.app/Contents/Helpers/UnityShaderCompiler
Launched and connected shader compiler UnityShaderCompiler after 0.01 seconds
Launching external process: /Applications/Unity/Hub/Editor/6000.6.0f1/Unity.app/Contents/Helpers/UnityShaderCompiler
Launched and connected shader compiler UnityShaderCompiler after 0.02 seconds
Launching external process: /Applications/Unity/Hub/Editor/6000.6.0f1/Unity.app/Contents/Helpers/UnityShaderCompiler
Launched and connected shader compiler UnityShaderCompiler after 0.01 seconds
Launching external process: /Applications/Unity/Hub/Editor/6000.6.0f1/Unity.app/Contents/Helpers/UnityShaderCompiler
Launched and connected shader compiler UnityShaderCompiler after 0.01 seconds
[Worker0] Imported GUID: a3d800b099a06e0478fb790c5e79057a - Path: Assets/TextMesh Pro/Shaders/TMP_SDF-URP Lit.shadergraph - Importer: PreviewImporter -> (ImportResultId: '5f985b3d7c9b9c8faf00200f8597b546') in 4.359912584 seconds
Thread 0x420e93000 may have been prematurely finalized
Thread 0x42a587000 may have been prematurely finalized
Entering Playmode with Reload Domain disabled.
If you experience any issues, please disable "Enter Play Mode Options" in Editor Settings
Entering Playmode with Reload Scene disabled. If you experience any issues, please disable "Enter Play Mode Options" in Editor Settings
2026-09-10 18:15:42.837 Unity[90269:11863740] NSEventModifierFlagFunction specified to -setKeyEquivalentModifierMask: for item <NSMenuItem: 0x8d51a3980 SDF, ke='Command-F12'>, but is only supported for system-provided menu items; will not be used
Asset Pipeline Refresh (id=ec7919ab934b6498984ce4e2bf41e9d7): Total: 0.126 seconds - Initiated by RefreshV2(NoUpdateAssetOptions)
Unloading 5 Unused Serialized files (Serialized files now loaded: 0)
Loaded scene 'Temp/__Backupscenes/0.backup'
	Deserialize:            3.124 ms
	Integration:            22.673 ms
	Integration of assets:  0.002 ms
	Thread Wait Time:       0.006 ms
	Total Operation Time:   25.805 ms
Unloading 238 unused Assets / (18.2 MB). Loaded Objects now: 9025.
Memory consumption went from 367.2 MB to 349.0 MB.
Total: 62.066375 ms (FindLiveObjects: 0.424583 ms CreateObjectMapping: 0.060583 ms MarkObjects: 49.567292 ms  DeleteObjects: 11.721625 ms)

[Licensing::Client] Successfully resolved entitlement details
Importing 'GUID: 00000000000000009000000000000000 - Path: ProjectSettings/QualitySettings.asset' with importer (LibraryAssetImporter)
Imported 'GUID: 00000000000000009000000000000000' -> (Import Result ID: '8151b601d05d3e12de314c2aa1f82962') in 0.001 seconds [static dependencies only]. Details - ImportResultOutputID=2a108b3da874f726c62fbe5f12be4a8a DependenciesID=6180c49ef29638684367d2893c04e070 StaticDependenciesID=5b19720d9149525484b40148944c8e26 
Asset Pipeline Refresh (id=4a8a6acad47a943f4afcd391c24c68a1): Total: 0.026 seconds - Initiated by StopAssetImportingV2(NoUpdateAssetOptions)
Importing 'GUID: 99c9720ab356a0642a771bea13969a05 - Path: Assets/Scenes/SampleScene.unity' with importer (DefaultImporter)
Imported 'GUID: 99c9720ab356a0642a771bea13969a05' -> (Import Result ID: '1faec695c191617a38a63d84a2e50f99') in 0.001 seconds [static dependencies only]. Details - ImportResultOutputID=b4491ddbae88a879b6308480a6079ca7 DependenciesID=def3439050d0c5af923a5986a7b6320c StaticDependenciesID=038abb920662ea4d1e1f4c72cbbff2c5 
Asset Pipeline Refresh (id=58365f09746b84af38bb8fc05701fb8c): Total: 0.082 seconds - Initiated by StopAssetImportingV2(NoUpdateAssetOptions)
[Worker0] Imported GUID: 99c9720ab356a0642a771bea13969a05 - Path: Assets/Scenes/SampleScene.unity - Importer: ScriptedImporter/UnityEditor.QuickSearchModule:UnityEditor.Search:ASIAI0B -> (ImportResultId: '03dbf79e410219636d5b8e143366fb81') in 0.01990625 seconds
2026-09-10 18:16:00.440 Unity[90269:11863740] NSEventModifierFlagFunction specified to -setKeyEquivalentModifierMask: for item <NSMenuItem: 0x8d51a1b80 SDF, ke='Command-F12'>, but is only supported for system-provided menu items; will not be used
Importing 'GUID: 99c9720ab356a0642a771bea13969a05 - Path: Assets/Scenes/SampleScene.unity' with importer (DefaultImporter)
Imported 'GUID: 99c9720ab356a0642a771bea13969a05' -> (Import Result ID: 'dc7799806622b130c29eae85f1545aea') in 0.001 seconds [static dependencies only]. Details - ImportResultOutputID=b4491ddbae88a879b6308480a6079ca7 DependenciesID=e3fdce47baa54dca353fd785d0b93535 StaticDependenciesID=be6f15244c3506398c484945bec607a7 
Asset Pipeline Refresh (id=c046a883e87744b84a5b68465912b6fb): Total: 0.044 seconds - Initiated by StopAssetImportingV2(NoUpdateAssetOptions)
[Worker0] Imported GUID: 99c9720ab356a0642a771bea13969a05 - Path: Assets/Scenes/SampleScene.unity - Importer: ScriptedImporter/UnityEditor.QuickSearchModule:UnityEditor.Search:ASIAI0B -> (ImportResultId: 'f3062917590cf4ef523fba846957b81d') in 0.025229959 seconds
2026-09-10 18:16:01.971 Unity[90269:11863740] NSEventModifierFlagFunction specified to -setKeyEquivalentModifierMask: for item <NSMenuItem: 0x8d51a3700 SDF, ke='Command-F12'>, but is only supported for system-provided menu items; will not be used
2026-09-10 18:16:05.708 Unity[90269:11863740] NSEventModifierFlagFunction specified to -setKeyEquivalentModifierMask: for item <NSMenuItem: 0x8d51a3700 SDF, ke='Command-F12'>, but is only supported for system-provided menu items; will not be used
2026-09-10 18:16:43.835 Unity[90269:11863740] NSEventModifierFlagFunction specified to -setKeyEquivalentModifierMask: for item <NSMenuItem: 0x8d5197480 SDF, ke='Command-F12'>, but is only supported for system-provided menu items; will not be used
Importing 'GUID: 99c9720ab356a0642a771bea13969a05 - Path: Assets/Scenes/SampleScene.unity' with importer (DefaultImporter)
Imported 'GUID: 99c9720ab356a0642a771bea13969a05' -> (Import Result ID: '8bee9e9032d4a9c013e3ad81b1d8074d') in 0.001 seconds [static dependencies only]. Details - ImportResultOutputID=b4491ddbae88a879b6308480a6079ca7 DependenciesID=c6fd586eb8b37f599bf2e27408ac12ee StaticDependenciesID=ffeb005828950549c0be1cb743b2ba7b 
Refreshing native plugins compatible for Editor in 5.11 ms, found 2 plugins.
Asset Pipeline Refresh (id=74323b86e93734976846ea7a4b31e013): Total: 0.058 seconds - Initiated by StopAssetImportingV2(NoUpdateAssetOptions)
[Worker0] Imported GUID: 99c9720ab356a0642a771bea13969a05 - Path: Assets/Scenes/SampleScene.unity - Importer: ScriptedImporter/UnityEditor.QuickSearchModule:UnityEditor.Search:ASIAI0B -> (ImportResultId: '94dfdb212f0d227070c53fff5a7781d0') in 0.012948 seconds
2026-09-10 18:16:49.571 Unity[90269:11863740] NSEventModifierFlagFunction specified to -setKeyEquivalentModifierMask: for item <NSMenuItem: 0x8d519bac0 SDF, ke='Command-F12'>, but is only supported for system-provided menu items; will not be used
Asset Pipeline Refresh (id=03bcbe9b6aad64611b73cbb2b3e6cd7b): Total: 0.255 seconds - Initiated by RefreshV2(AllowForceSynchronousImport)
Asset Pipeline Refresh (id=7c3e687ef0efd45f594ce2f844d0b3f8): Total: 0.104 seconds - Initiated by RefreshV2(AllowForceSynchronousImport)
Asset Pipeline Refresh (id=46e423be8d6b94ec58c20f163e835409): Total: 0.104 seconds - Initiated by RefreshV2(AllowForceSynchronousImport)
Asset Pipeline Refresh (id=5bf1ed7fe69f342d0a9e6d38fb8ac0fe): Total: 0.191 seconds - Initiated by RefreshV2(AllowForceSynchronousImport)
2026-09-10 18:19:09.965 Unity[90269:11863740] NSEventModifierFlagFunction specified to -setKeyEquivalentModifierMask: for item <NSMenuItem: 0x8d519ab20 SDF, ke='Command-F12'>, but is only supported for system-provided menu items; will not be used
Importing 'GUID: 99c9720ab356a0642a771bea13969a05 - Path: Assets/Scenes/SampleScene.unity' with importer (DefaultImporter)
Imported 'GUID: 99c9720ab356a0642a771bea13969a05' -> (Import Result ID: 'c0de2f5aae16ce3afe8f01a0db059b47') in 0.004 seconds [static dependencies only]. Details - ImportResultOutputID=b4491ddbae88a879b6308480a6079ca7 DependenciesID=80c63d0d24cbe9c2b6c247d59995f1f4 StaticDependenciesID=85e3c2544b23a8585fdb13e094f7485c 
Refreshing native plugins compatible for Editor in 2.37 ms, found 2 plugins.
Asset Pipeline Refresh (id=f66f2b5c48aa3436aa006198360e3b14): Total: 0.146 seconds - Initiated by StopAssetImportingV2(NoUpdateAssetOptions)
[Worker0] Imported GUID: 99c9720ab356a0642a771bea13969a05 - Path: Assets/Scenes/SampleScene.unity - Importer: ScriptedImporter/UnityEditor.QuickSearchModule:UnityEditor.Search:ASIAI0B -> (ImportResultId: '4b698f1596371edf77f5978f80eaef20') in 0.0147265 seconds
Thread 0x43c647000 may have been prematurely finalized
Entering Playmode with Reload Domain disabled.
If you experience any issues, please disable "Enter Play Mode Options" in Editor Settings
Entering Playmode with Reload Scene disabled. If you experience any issues, please disable "Enter Play Mode Options" in Editor Settings
Unloading 5 Unused Serialized files (Serialized files now loaded: 0)
Loaded scene 'Temp/__Backupscenes/0.backup'
	Deserialize:            1.051 ms
	Integration:            17.217 ms
	Integration of assets:  0.001 ms
	Thread Wait Time:       0.004 ms
	Total Operation Time:   18.273 ms
Unloading 189 unused Assets / (0.6 MB). Loaded Objects now: 9035.
Memory consumption went from 349.5 MB to 348.9 MB.
Total: 50.814333 ms (FindLiveObjects: 0.428375 ms CreateObjectMapping: 0.059833 ms MarkObjects: 49.910666 ms  DeleteObjects: 0.307542 ms)

[Licensing::Client] Successfully resolved entitlement details
Thread 0x43cc5b000 may have been prematurely finalized
Entering Playmode with Reload Domain disabled.
If you experience any issues, please disable "Enter Play Mode Options" in Editor Settings
Entering Playmode with Reload Scene disabled. If you experience any issues, please disable "Enter Play Mode Options" in Editor Settings
Thread 0x17f8ef000 may have been prematurely finalized
Asset Pipeline Refresh (id=78222148322de439e885099f21025b7c): Total: 0.199 seconds - Initiated by RefreshV2(NoUpdateAssetOptions)
Asset Pipeline Refresh (id=b5e5b71356f45483283d01cc3ebfdc6d): Total: 0.267 seconds - Initiated by RefreshV2(NoUpdateAssetOptions)
Unloading 5 Unused Serialized files (Serialized files now loaded: 0)
Loaded scene 'Temp/__Backupscenes/0.backup'
	Deserialize:            4.357 ms
	Integration:            33.207 ms
	Integration of assets:  0.001 ms
	Thread Wait Time:       0.002 ms
	Total Operation Time:   37.567 ms
Unloading 22 unused Assets / (411.8 KB). Loaded Objects now: 9044.
Memory consumption went from 346.5 MB to 346.1 MB.
Total: 61.020750 ms (FindLiveObjects: 0.455959 ms CreateObjectMapping: 0.184041 ms MarkObjects: 59.967917 ms  DeleteObjects: 0.195375 ms)

[Licensing::Client] Successfully resolved entitlement details
Asset Pipeline Refresh (id=b85ed179daec9438cbf5ac50223dcad1): Total: 0.135 seconds - Initiated by RefreshV2(AllowForceSynchronousImport)
2026-09-10 18:25:43.239 Unity[90269:11863740] NSEventModifierFlagFunction specified to -setKeyEquivalentModifierMask: for item <NSMenuItem: 0x8d6eefac0 SDF, ke='Command-F12'>, but is only supported for system-provided menu items; will not be used
2026-09-10 18:25:47.370 Unity[90269:11863740] NSEventModifierFlagFunction specified to -setKeyEquivalentModifierMask: for item <NSMenuItem: 0x8d519aa80 SDF, ke='Command-F12'>, but is only supported for system-provided menu items; will not be used
2026-09-10 18:25:50.915 Unity[90269:11863740] NSEventModifierFlagFunction specified to -setKeyEquivalentModifierMask: for item <NSMenuItem: 0x8d6eedb80 SDF, ke='Command-F12'>, but is only supported for system-provided menu items; will not be used

=================================================================
	Native Crash Reporting
=================================================================
Got a segv while executing native code. This usually indicates
a fatal error in the mono runtime or one of the native libraries 
used by your application.
=================================================================

=================================================================
	Native stacktrace:
=================================================================
	0x17d7c8454 - /Applications/Unity/Hub/Editor/6000.6.0f1/Unity.app/Contents/Frameworks/libmonobdwgc-2.0.dylib : mono_dump_native_crash_info
	0x17d78a6d4 - /Applications/Unity/Hub/Editor/6000.6.0f1/Unity.app/Contents/Frameworks/libmonobdwgc-2.0.dylib : mono_handle_native_crash
	0x17d712edc - /Applications/Unity/Hub/Editor/6000.6.0f1/Unity.app/Contents/Frameworks/libmonobdwgc-2.0.dylib : mono_sigsegv_signal_handler_debug
	0x183f59744 - /usr/lib/system/libsystem_platform.dylib : _sigtramp
	0x107d35b0c - /Applications/Unity/Hub/Editor/6000.6.0f1/Unity.app/Contents/MacOS/Unity : _ZN13MemoryManager16FrameMaintenanceEPFvbEb
	0x107d35b0c - /Applications/Unity/Hub/Editor/6000.6.0f1/Unity.app/Contents/MacOS/Unity : _ZN13MemoryManager16FrameMaintenanceEPFvbEb
	0x1075f30b8 - /Applications/Unity/Hub/Editor/6000.6.0f1/Unity.app/Contents/MacOS/Unity : _ZZ23InitPlayerLoopCallbacksvEN47PostLateUpdateMemoryFrameMaintenanceRegistrator7ForwardEv
	0x1075d004c - /Applications/Unity/Hub/Editor/6000.6.0f1/Unity.app/Contents/MacOS/Unity : _Z17ExecutePlayerLoopP22NativePlayerLoopSystem
	0x1075d0158 - /Applications/Unity/Hub/Editor/6000.6.0f1/Unity.app/Contents/MacOS/Unity : _Z17ExecutePlayerLoopP22NativePlayerLoopSystem
	0x1075d0430 - /Applications/Unity/Hub/Editor/6000.6.0f1/Unity.app/Contents/MacOS/Unity : _Z10PlayerLoopv
	0x1056e89f0 - /Applications/Unity/Hub/Editor/6000.6.0f1/Unity.app/Contents/MacOS/Unity : _ZN16EditorPlayerLoop7ExecuteEv
	0x1056ed2a4 - /Applications/Unity/Hub/Editor/6000.6.0f1/Unity.app/Contents/MacOS/Unity : _ZN20PlayerLoopController19InternalUpdateSceneEbb
	0x1056ecdf4 - /Applications/Unity/Hub/Editor/6000.6.0f1/Unity.app/Contents/MacOS/Unity : _ZN20PlayerLoopController31UpdateSceneIfNeededFromMainLoopEv
	0x1056e1060 - /Applications/Unity/Hub/Editor/6000.6.0f1/Unity.app/Contents/MacOS/Unity : _ZN11Application9TickTimerEv
	0x105464dc4 - /Applications/Unity/Hub/Editor/6000.6.0f1/Unity.app/Contents/MacOS/Unity : -[EditorApplication onEditorUpdatesTickTimer]
	0x185892ec4 - /System/Library/Frameworks/Foundation.framework/Versions/C/Foundation : __NSFireTimer
	0x184026318 - /System/Library/Frameworks/CoreFoundation.framework/Versions/A/CoreFoundation : __CFRUNLOOP_IS_CALLING_OUT_TO_A_TIMER_CALLBACK_FUNCTION__
	0x184026010 - /System/Library/Frameworks/CoreFoundation.framework/Versions/A/CoreFoundation : __CFRunLoopDoTimer
	0x184025b88 - /System/Library/Frameworks/CoreFoundation.framework/Versions/A/CoreFoundation : __CFRunLoopDoTimers
	0x18400bc38 - /System/Library/Frameworks/CoreFoundation.framework/Versions/A/CoreFoundation : __CFRunLoopRun
	0x1840de234 - /System/Library/Frameworks/CoreFoundation.framework/Versions/A/CoreFoundation : _CFRunLoopRunSpecificWithOptions
	0x190df7560 - /System/Library/Frameworks/Carbon.framework/Versions/A/Frameworks/HIToolbox.framework/Versions/A/HIToolbox : RunCurrentEventLoopInMode
	0x190dfa8bc - /System/Library/Frameworks/Carbon.framework/Versions/A/Frameworks/HIToolbox.framework/Versions/A/HIToolbox : ReceiveNextEventCommon
	0x190f8414c - /System/Library/Frameworks/Carbon.framework/Versions/A/Frameworks/HIToolbox.framework/Versions/A/HIToolbox : _BlockUntilNextEventMatchingListInMode
	0x188aee3d0 - /System/Library/Frameworks/AppKit.framework/Versions/C/AppKit : _DPSBlockUntilNextEventMatchingListInMode
	0x188442084 - /System/Library/Frameworks/AppKit.framework/Versions/C/AppKit : _DPSNextEvent
	0x188fd796c - /System/Library/Frameworks/AppKit.framework/Versions/C/AppKit : -[NSApplication(NSEventRouting) _nextEventMatchingEventMask:untilDate:inMode:dequeue:]
	0x188fd7678 - /System/Library/Frameworks/AppKit.framework/Versions/C/AppKit : -[NSApplication(NSEventRouting) nextEventMatchingMask:untilDate:inMode:dequeue:]
	0x18843513c - /System/Library/Frameworks/AppKit.framework/Versions/C/AppKit : -[NSApplication run]
	0x18840d7b0 - /System/Library/Frameworks/AppKit.framework/Versions/C/AppKit : NSApplicationMain
	0x1054726b4 - /Applications/Unity/Hub/Editor/6000.6.0f1/Unity.app/Contents/MacOS/Unity : _Z10EditorMainiPPKc
	0x1054729d0 - /Applications/Unity/Hub/Editor/6000.6.0f1/Unity.app/Contents/MacOS/Unity : main
	0x183b844e4 - /usr/lib/dyld : start

=================================================================
	Telemetry Dumper:
=================================================================
Pkilling 0x6432108544x from 0x8331518336x
Pkilling 0x6411284480x from 0x8331518336x
Pkilling 0x17887768576x from 0x8331518336x
Pkilling 0x18398932992x from 0x8331518336x
Pkilling 0x18175176704x from 0x8331518336x
Pkilling 0x17594331136x from 0x8331518336x
Pkilling 0x18874691584x from 0x8331518336x
Pkilling 0x6408564736x from 0x8331518336x
Pkilling 0x6242988032x from 0x8331518336x
Pkilling 0x6243561472x from 0x8331518336x
Pkilling 0x6244134912x from 0x8331518336x
Pkilling 0x6244708352x from 0x8331518336x
Pkilling 0x17736642560x from 0x8331518336x
Pkilling 0x6245281792x from 0x8331518336x
Pkilling 0x6245855232x from 0x8331518336x
Pkilling 0x6246428672x from 0x8331518336x
Pkilling 0x18387857408x from 0x8331518336x
Pkilling 0x17584648192x from 0x8331518336x
Pkilling 0x18876837888x from 0x8331518336x
Pkilling 0x6410711040x from 0x8331518336x
Entering thread summarizer pause from 0x8331518336x
Finished thread summarizer pause from 0x8331518336x.
Failed to create breadcrumb file (null)/crash_hash_0x0

Waiting for dumping threads to resume
debugger-agent: Unable to listen on 80

=================================================================
	External Debugger Dump:
=================================================================

=================================================================
	Basic Fault Address Reporting
=================================================================
Memory around native instruction pointer (0x107cc9f34):0x107cc9f24  0e fe 4c d3 0d 2e 40 92 ae 0e 0e 8b d1 c1 bf f8  ..L...@.........
0x107cc9f34  31 7a 6d f8 10 06 00 d1 ff 01 11 eb e1 fe ff 54  1zm............T
0x107cc9f44  4f 01 41 f9 ef 05 00 d1 f0 2d 40 92 ef fd 4c d3  O.A......-@...L.
0x107cc9f54  4f 0d 0f 8b ef c1 bf f8 ef 79 70 f8 8c c1 bf f8  O........yp.....

=================================================================
	Managed Stacktrace:
=================================================================
=================================================================
Obtained 29 stack frames.
#0  0x00000107cc9f34 in DomainUnloadAutoFree::FrameMaintenance()
#1  0x00000107d35b0c in MemoryManager::FrameMaintenance(void (*)(bool), bool)
#2  0x000001075f30b8 in InitPlayerLoopCallbacks()::PostLateUpdateMemoryFrameMaintenanceRegistrator::Forward()
#3  0x000001075d004c in ExecutePlayerLoop(NativePlayerLoopSystem*)
#4  0x000001075d0158 in ExecutePlayerLoop(NativePlayerLoopSystem*)
#5  0x000001075d0430 in PlayerLoop()
#6  0x000001056e89f0 in EditorPlayerLoop::Execute()
#7  0x000001056ed2a4 in PlayerLoopController::InternalUpdateScene(bool, bool)
#8  0x000001056ecdf4 in PlayerLoopController::UpdateSceneIfNeededFromMainLoop()
#9  0x000001056e1060 in Application::TickTimer()
#10 0x00000105464dc4 in -[EditorApplication onEditorUpdatesTickTimer]
#11 0x00000185892ec4 in __NSFireTimer
#12 0x00000184026318 in __CFRUNLOOP_IS_CALLING_OUT_TO_A_TIMER_CALLBACK_FUNCTION__
#13 0x00000184026010 in __CFRunLoopDoTimer
#14 0x00000184025b88 in __CFRunLoopDoTimers
#15 0x0000018400bc38 in __CFRunLoopRun
#16 0x000001840de234 in _CFRunLoopRunSpecificWithOptions
#17 0x00000190df7560 in RunCurrentEventLoopInMode
#18 0x00000190dfa8bc in ReceiveNextEventCommon
#19 0x00000190f8414c in _BlockUntilNextEventMatchingListInMode
#20 0x00000188aee3d0 in _DPSBlockUntilNextEventMatchingListInMode
#21 0x00000188442084 in _DPSNextEvent
#22 0x00000188fd796c in -[NSApplication(NSEventRouting) _nextEventMatchingEventMask:untilDate:inMode:dequeue:]
#23 0x00000188fd7678 in -[NSApplication(NSEventRouting) nextEventMatchingMask:untilDate:inMode:dequeue:]
#24 0x0000018843513c in -[NSApplication run]
#25 0x0000018840d7b0 in NSApplicationMain
#26 0x000001054726b4 in EditorMain(int, char const**)
#27 0x000001054729d0 in main
#28 0x00000183b844e4 in start
Launching bug reporter
