
Server arguments:
  --memory-size 1073741824
  --shared-postfix b97463a947c6ea27120769b706685735
  --working-directory Library/DataStore
  --silent-console
  --shutdown-grace 0
  --client-process-check 0
  --uds-log-file /Users/ybopeya12/CS_417/MP0_The_Menu/Logs/UDS-Service.log
  --debug-log 2
  -name Unity.DataStore

Initialising UDS system complete:
  - System type: Service
  - Resource namespace: b97463a947c6ea27120769b706685735
  - Shared memory size: 1073741824
  - Command buffer id: 1052672
  - Command buffer size: 8192
  - Hashmap size: 4194304
Starting Unity Data Store Application
[Error] Failed to free block of size 4510 - size delta was 42!
 #2 free_block(ushared_memory_pool*, unsigned long, unsigned long)
 #3 ushared_memory_pool_free(ushared_memory_pool*, upool_reference)
 #4 uds_evict_stale_entries(uds_system_t*, long, unsigned long*, unsigned long)
 #5 GarbageCollector::Collect(uds_system_t*, long)
 #6 GarbageCollector::ThreadFunction()
 #7 uds::ThreadedBase::StaticThreadWrapper(void*)
 #8 Thread::RunThreadWrapper(void*)
 #9 _pthread_start
 #10 thread_start

[Error] Failed to free block of size 2071 - size delta was 41!
 #2 free_block(ushared_memory_pool*, unsigned long, unsigned long)
 #3 ushared_memory_pool_free(ushared_memory_pool*, upool_reference)
 #4 uds_evict_stale_entries(uds_system_t*, long, unsigned long*, unsigned long)
 #5 GarbageCollector::Collect(uds_system_t*, long)
 #6 GarbageCollector::ThreadFunction()
 #7 uds::ThreadedBase::StaticThreadWrapper(void*)
 #8 Thread::RunThreadWrapper(void*)
 #9 _pthread_start
 #10 thread_start

[Error] Failed to free block of size 4009 - size delta was 47!
 #2 free_block(ushared_memory_pool*, unsigned long, unsigned long)
 #3 ushared_memory_pool_free(ushared_memory_pool*, upool_reference)
 #4 uds_evict_stale_entries(uds_system_t*, long, unsigned long*, unsigned long)
 #5 GarbageCollector::Collect(uds_system_t*, long)
 #6 GarbageCollector::ThreadFunction()
 #7 uds::ThreadedBase::StaticThreadWrapper(void*)
 #8 Thread::RunThreadWrapper(void*)
 #9 _pthread_start
 #10 thread_start

